    | 0000: 1400                LDIs  R0, 0            ; 0x0
    | 0001: 5200                STSs  R0, 0            ; 0x0
    | 0002: 5210                STSs  R0, 1            ; 0x1
    | 0003: 5250                STSs  R0, 5            ; 0x5
    | 0004: 52a0                STSs  R0, 10           ; 0xa
    | 0005: 52e0                STSs  R0, 14           ; 0xe
    | 0006: 52f0                STSs  R0, 15           ; 0xf
    | 0007: 5300                STSs  R0, 16           ; 0x10
    | 0008: 5340                STSs  R0, 20           ; 0x14
    | 0009: 53a0                STSs  R0, 26           ; 0x1a
    | 000a: 53f0                STSs  R0, 31           ; 0x1f
    | 000b: 140c                LDIs  R0, 12           ; 0xc
    | 000c: 5380                STSs  R0, 24           ; 0x18
    | 000d: 1500                LDIs  R0, 16           ; 0x10
    | 000e: 5270                STSs  R0, 7            ; 0x7
    | 000f: 5280                STSs  R0, 8            ; 0x8
    | 0010: 5370                STSs  R0, 23           ; 0x17
    | 0011: 8060 1200           LDI   R0, 96           ; 0x60
    | 0013: 5360                STSs  R0, 22           ; 0x16
    | 0014: 807c 1200           LDI   R0, 124          ; 0x7c
    | 0016: 53e0                STSs  R0, 30           ; 0x1e
    | 0017: 8080 1200           LDI   R0, 128          ; 0x80
    | 0019: 5220                STSs  R0, 2            ; 0x2
    | 001a: 5240                STSs  R0, 4            ; 0x4
    | 001b: 8082 1200           LDI   R0, 130          ; 0x82
    | 001d: 53c0                STSs  R0, 28           ; 0x1c
    | 001e: 53d0                STSs  R0, 29           ; 0x1d
    | 001f: 8092 1200           LDI   R0, 146          ; 0x92
    | 0021: 52c0                STSs  R0, 12           ; 0xc
    | 0022: 52d0                STSs  R0, 13           ; 0xd
    | 0023: 5320                STSs  R0, 18           ; 0x12
    | 0024: 5330                STSs  R0, 19           ; 0x13
    | 0025: 80fe 1200           LDI   R0, 254          ; 0xfe
    | 0027: 5230                STSs  R0, 3            ; 0x3
    | 0028: 5260                STSs  R0, 6            ; 0x6
    | 0029: 5290                STSs  R0, 9            ; 0x9
    | 002a: 52b0                STSs  R0, 11           ; 0xb
    | 002b: 5310                STSs  R0, 17           ; 0x11
    | 002c: 5350                STSs  R0, 21           ; 0x15
    | 002d: 5390                STSs  R0, 25           ; 0x19
    | 002e: 53b0                STSs  R0, 27           ; 0x1b
35  | 002f: 1420                LDIs  R2, 0            ; 0x0
36  | 0030: 155f                LDIs  R5, 31           ; 0x1f
37  | 0031: 141f      L2:       LDIs  R1, 15           ; 0xf
38  | 0032: 0201      L1:       MOV   R0, R1
39  | 0033: 0402                ADD   R0, R2
40  | 0034: 0c05                AND   R0, R5
41  | 0035: 4e40                LD    R4, R0
42  | 0036: 7214                OUTR  R1, R4
43  | 0037: 2011                SUBIs R1, 1            ; 0x1
44  | 0038: 63f9                BRNC  L1               ; 0x32
45  | 0039: 6f00                OUTs  R0, 16           ; 0x10
46  | 003a: 1821                ADDIs R2, 1            ; 0x1
47  | 003b: 5df5                JMP   L2               ; 0x31
